========================================================================================================================
                                                   LNO-AFQMC Results                                                    
========================================================================================================================
 Num          Fragment    LAS SIZE      E(MP2)     E(CCSD)    E(AFQMC)     Error   t(CCSD)   t(wait)  t(AFQMC)
------------------------------------------------------------------------------------------------------------------------
   1                C0  152         -0.12057680  -0.12020398    -0.12666   0.00008     77.89     77.89    462.28
   2                C1  152         -0.12030115  -0.11995588    -0.12607   0.00008     81.37      0.00    356.05
   3                C2  155         -0.12095545  -0.12047349    -0.12698   0.00009     94.01      0.00    422.97
   4                C3  152         -0.12030115  -0.11995588    -0.12610   0.00008     82.07      0.00    380.80
   5                C4  152         -0.12057680  -0.12020398    -0.12646   0.00009     83.76      0.00    335.82
   6                C5  151         -0.12022596  -0.11989478    -0.12617   0.00011     81.24      0.00    405.23
   7                C6  150         -0.11789203  -0.11828363    -0.12453   0.00008     77.60      0.00    325.78
   8             C7H24  128         -0.13192884  -0.13765901    -0.14392   0.00009     51.65      0.00    244.91
   9             C8H25  128         -0.13255422  -0.13826249    -0.14465   0.00009     59.97      0.00    246.90
  10                C9  146         -0.11744297  -0.11791906    -0.12451   0.00007     72.31      0.00    324.67
  11               C10  144         -0.11763129  -0.11812781    -0.12418   0.00008     69.32      0.00    291.10
  12            C11H27  122         -0.13191239  -0.13774915    -0.14386   0.00007     47.16      0.00    241.34
  13            C12H26  124         -0.13206030  -0.13786082    -0.14383   0.00009     49.10      0.00    265.98
  14            C13H28  122         -0.13191239  -0.13774915    -0.14399   0.00008     48.15      0.00    261.40
  15            C14H29  124         -0.13206030  -0.13786082    -0.14385   0.00008     64.41      0.00    255.67
  16               C15  146         -0.11744297  -0.11791906    -0.12436   0.00009     72.32      0.00    348.51
  17            C16H30  128         -0.13255422  -0.13826249    -0.14449   0.00009     50.72      0.00    248.13
  18            C17H31  128         -0.13192884  -0.13765901    -0.14388   0.00008     53.28      0.00    246.03
  19               C18  150         -0.11789203  -0.11828363    -0.12441   0.00008     77.50      0.00    313.67
  20            C19H32  131         -0.13232956  -0.13797881    -0.14440   0.00011     56.55      0.00    290.50
  21            C20H33  133         -0.13258751  -0.13817774    -0.14450   0.00010     63.53      0.00    301.26
  22               C21  150         -0.11760993  -0.11799650    -0.12426   0.00007     78.87      0.00    318.41
  23            C22H34  133         -0.13258751  -0.13817774    -0.14440   0.00008     59.96      0.00    306.70
  24            C23H35  131         -0.13232956  -0.13797881    -0.14434   0.00012     62.98      0.00    336.13
  25               C36  152         -0.12030115  -0.11995588    -0.12619   0.00007     86.01      0.00    379.51
  26               C37  152         -0.12057680  -0.12020398    -0.12657   0.00008     89.05      0.00    321.96
  27               C38  151         -0.12022596  -0.11989478    -0.12628   0.00008     85.71      0.00    353.50
  28               C39  152         -0.12057680  -0.12020398    -0.12669   0.00008     87.13      0.00    383.39
  29               C40  152         -0.12030115  -0.11995588    -0.12604   0.00007     86.17      0.00    310.39
  30               C41  155         -0.12095545  -0.12047349    -0.12690   0.00007     95.03      0.00    468.09
  31               C42  146         -0.11744297  -0.11791906    -0.12403   0.00007     74.69      0.00    219.74
  32            C43H60  128         -0.13255422  -0.13826249    -0.14469   0.00010     52.73      0.00    257.97
  33            C44H61  128         -0.13192884  -0.13765901    -0.14394   0.00009     56.15      0.00    246.87
  34               C45  150         -0.11789203  -0.11828363    -0.12467   0.00009     80.19      0.00    350.05
  35               C46  150         -0.11760993  -0.11799650    -0.12429   0.00008     77.73      0.00    405.92
  36            C47H63  133         -0.13258751  -0.13817774    -0.14435   0.00008     65.71      0.00    272.88
  37            C48H62  131         -0.13232956  -0.13797881    -0.14431   0.00010     58.09      0.00    296.91
  38            C49H64  133         -0.13258751  -0.13817774    -0.14436   0.00008     65.36      0.00    294.37
  39            C50H65  131         -0.13232956  -0.13797881    -0.14434   0.00008     60.77      0.00    310.74
  40               C51  150         -0.11789203  -0.11828363    -0.12448   0.00007     76.50      0.00    297.41
  41            C52H66  128         -0.13192884  -0.13765901    -0.14399   0.00009     70.02      0.00    247.59
  42            C53H67  128         -0.13255422  -0.13826249    -0.14471   0.00012     50.53      0.00    242.86
  43               C54  146         -0.11744297  -0.11791906    -0.12441   0.00009     74.25      0.00    300.73
  44            C55H68  124         -0.13206030  -0.13786082    -0.14398   0.00009     47.88      0.00    255.43
  45            C56H69  122         -0.13191239  -0.13774915    -0.14390   0.00008     52.05      0.00    239.06
  46               C57  144         -0.11763129  -0.11812781    -0.12413   0.00007     70.34      0.00    268.36
  47            C58H70  122         -0.13191239  -0.13774915    -0.14392   0.00008     47.28      0.00    239.87
  48            C59H71  124         -0.13206030  -0.13786082    -0.14389   0.00007     47.40      0.00    227.87
------------------------------------------------------------------------------------------------------------------------
                                                  Summarize Fragments                                                   
------------------------------------------------------------------------------------------------------------------------
LNO-Thresh            Max LAS       E[MP2]      E[CCSD]   E[AFQMC] Err[AFQMC]  CCSD-Time AFQMC-Time
[3.00e-04, 3.00e-05]      155  -6.03118833  -6.16918748   -6.46986    0.00059    3272.46   14721.72
------------------------------------------------------------------------------------------------------------------------
                                              Pipeline (prefetch depth 1)                                               
------------------------------------------------------------------------------------------------------------------------
Loop wall time                 14843.30 s
Serial equivalent (CPU+GPU)    17994.18 s
CPU time hidden behind GPU      3194.57 s (97.6%)
Speedup vs serial                  1.21 x
========================================================================================================================

