========================================================================================================================
                                                   LNO-AFQMC Results                                                    
========================================================================================================================
 Num          Fragment    LAS SIZE      E(MP2)     E(CCSD)    E(AFQMC)     Error   t(CCSD)   t(wait)  t(AFQMC)
------------------------------------------------------------------------------------------------------------------------
   1                C0  152         -0.12057678  -0.12020396    -0.12663   0.00011     79.05     79.05    912.17
   2                C1  152         -0.12030118  -0.11995591    -0.12613   0.00008     89.44      0.00    729.02
   3                C2  155         -0.12095543  -0.12047348    -0.12695   0.00008    104.02      0.00   1076.34
   4                C3  152         -0.12030118  -0.11995591    -0.12628   0.00008    113.77      0.00    845.11
   5                C4  152         -0.12057678  -0.12020396    -0.12647   0.00007     92.18      0.00    656.00
   6                C5  151         -0.12022599  -0.11989480    -0.12615   0.00009    110.42      0.00    727.72
   7                C6  150         -0.11789201  -0.11828361    -0.12452   0.00007     99.71      0.00    728.45
   8             C7H24  128         -0.13192886  -0.13765903    -0.14390   0.00010     63.45      0.00    492.94
   9             C8H25  128         -0.13255419  -0.13826246    -0.14465   0.00009     77.39      0.00    434.86
  10                C9  146         -0.11744299  -0.11791908    -0.12432   0.00007     88.33      0.00    464.57
  11               C10  144         -0.11763126  -0.11812779    -0.12413   0.00007     80.05      0.00    549.40
  12            C11H27  122         -0.13191241  -0.13774917    -0.14389   0.00008     54.23      0.00    394.08
  13            C12H26  124         -0.13206027  -0.13786079    -0.14391   0.00007     55.98      0.00    399.84
  14            C13H28  122         -0.13191241  -0.13774917    -0.14404   0.00008     54.77      0.00    389.10
  15            C14H29  124         -0.13206027  -0.13786079    -0.14394   0.00007     53.62      0.00    394.73
  16               C15  146         -0.11744299  -0.11791908    -0.12432   0.00009     78.64      0.00    465.62
  17            C16H30  128         -0.13255419  -0.13826246    -0.14447   0.00008     59.45      0.00    426.57
  18            C17H31  128         -0.13192886  -0.13765903    -0.14394   0.00008     60.84      0.00    421.58
  19               C18  150         -0.11789201  -0.11828361    -0.12452   0.00008     86.86      0.00    711.21
  20            C19H32  131         -0.13232958  -0.13797883    -0.14429   0.00010     63.33      0.00    634.95
  21            C20H33  133         -0.13258749  -0.13817773    -0.14431   0.00009     67.11      0.00    572.04
  22               C21  150         -0.11760996  -0.11799653    -0.12426   0.00007    103.61      0.00    546.89
  23            C22H34  133         -0.13258749  -0.13817773    -0.14452   0.00007     71.06      0.00    534.08
  24            C23H35  131         -0.13232958  -0.13797883    -0.14442   0.00007     67.01      0.00    518.83
  25               C36  152         -0.12030118  -0.11995591    -0.12616   0.00008     93.51      0.00    836.85
  26               C37  152         -0.12057678  -0.12020396    -0.12666   0.00006     93.80      0.00    924.59
  27               C38  151         -0.12022599  -0.11989480    -0.12628   0.00007     92.44      0.00    982.61
  28               C39  152         -0.12057678  -0.12020396    -0.12655   0.00009    110.32      0.00   1011.37
  29               C40  152         -0.12030118  -0.11995591    -0.12613   0.00008    126.03      0.00    900.10
  30               C41  155         -0.12095543  -0.12047348    -0.12686   0.00010    132.97      0.00    990.94
  31               C42  146         -0.11744299  -0.11791908    -0.12432   0.00008    106.55      0.00    643.09
  32            C43H60  128         -0.13255419  -0.13826246    -0.14466   0.00008    104.17      0.00    468.83
  33            C44H61  128         -0.13192886  -0.13765903    -0.14398   0.00007     89.89      0.00    432.08
  34               C45  150         -0.11789201  -0.11828361    -0.12451   0.00009     98.57      0.00    479.85
  35               C46  150         -0.11760996  -0.11799653    -0.12413   0.00007     89.22      0.00    452.38
  36            C47H63  133         -0.13258749  -0.13817773    -0.14455   0.00008     66.32      0.00    550.07
  37            C48H62  131         -0.13232958  -0.13797883    -0.14422   0.00007     64.64      0.00    562.97
  38            C49H64  133         -0.13258749  -0.13817773    -0.14455   0.00012     66.36      0.00    587.41
  39            C50H65  131         -0.13232958  -0.13797883    -0.14431   0.00009     78.34      0.00    551.93
  40               C51  150         -0.11789201  -0.11828361    -0.12454   0.00008     98.10      0.00    545.29
  41            C52H66  128         -0.13192886  -0.13765903    -0.14396   0.00008     75.23      0.00    443.47
  42            C53H67  128         -0.13255419  -0.13826246    -0.14466   0.00008     65.58      0.00    434.17
  43               C54  146         -0.11744299  -0.11791908    -0.12430   0.00008     86.67      0.00    586.80
  44            C55H68  124         -0.13206027  -0.13786079    -0.14388   0.00008     54.66      0.00    586.97
  45            C56H69  122         -0.13191241  -0.13774917    -0.14391   0.00009     57.46      0.00    414.53
  46               C57  144         -0.11763126  -0.11812779    -0.12422   0.00008    104.63      0.00    685.35
  47            C58H70  122         -0.13191241  -0.13774917    -0.14414   0.00013     65.40      0.00    518.76
  48            C59H71  124         -0.13206027  -0.13786079    -0.14393   0.00007     53.54      0.00    402.94
------------------------------------------------------------------------------------------------------------------------
                                                  Summarize Fragments                                                   
------------------------------------------------------------------------------------------------------------------------
LNO-Thresh            Max LAS       E[MP2]      E[CCSD]   E[AFQMC] Err[AFQMC]  CCSD-Time AFQMC-Time
[3.00e-04, 3.00e-05]      155  -6.03118836  -6.16918753   -6.47037    0.00058    3948.72   29019.43
------------------------------------------------------------------------------------------------------------------------
                                              Pipeline (prefetch depth 1)                                               
------------------------------------------------------------------------------------------------------------------------
Loop wall time                 29145.55 s
Serial equivalent (CPU+GPU)    32968.15 s
CPU time hidden behind GPU      3869.67 s (98.0%)
Speedup vs serial                  1.13 x
========================================================================================================================

