========================================================================================================================
                                                   LNO-AFQMC Results                                                    
========================================================================================================================
 Num          Fragment    LAS SIZE      E(MP2)     E(CCSD)    E(AFQMC)     Error   t(CCSD)   t(wait)  t(AFQMC)
------------------------------------------------------------------------------------------------------------------------
   1                C0  227         -0.12327668  -0.12195355    -0.12886   0.00012    342.08    342.08   1508.70
   2                C1  233         -0.12318198  -0.12179205    -0.12887   0.00010    465.27      0.00   1699.92
   3                C2  232         -0.12352618  -0.12215655    -0.12911   0.00011    419.46      0.00   1599.37
   4                C3  233         -0.12318198  -0.12179205    -0.12890   0.00007    483.44      0.00   1699.25
   5                C4  227         -0.12327668  -0.12195355    -0.12878   0.00009    419.48      0.00   1495.26
   6                C5  227         -0.12294506  -0.12165602    -0.12853   0.00010    415.54      0.00   1525.56
   7                C6  225         -0.12045724  -0.12008952    -0.12687   0.00008    405.55      0.00   1429.68
   8             C7H24  194         -0.13405971  -0.13913052    -0.14592   0.00009    225.58      0.00    873.13
   9             C8H25  195         -0.13467147  -0.13973091    -0.14664   0.00010    224.85      0.00    899.70
  10                C9  217         -0.11997393  -0.11970877    -0.12659   0.00010    346.42      0.00   1268.24
  11               C10  214         -0.12008785  -0.11988944    -0.12653   0.00011    320.90      0.00   1303.69
  12            C11H27  184         -0.13393488  -0.13915863    -0.14581   0.00008    172.05      0.00    853.81
  13            C12H26  187         -0.13409642  -0.13927658    -0.14584   0.00012    197.63      0.00    936.70
  14            C13H28  184         -0.13393488  -0.13915863    -0.14597   0.00010    179.54      0.00    871.33
  15            C14H29  187         -0.13409642  -0.13927658    -0.14599   0.00012    195.09      0.00    922.42
  16               C15  217         -0.11997393  -0.11970877    -0.12659   0.00007    385.57      0.00   1363.61
  17            C16H30  195         -0.13467147  -0.13973091    -0.14666   0.00009    231.12      0.00   1082.77
  18            C17H31  194         -0.13405971  -0.13913052    -0.14610   0.00016    253.72      0.00   1059.25
  19               C18  225         -0.12045724  -0.12008952    -0.12683   0.00010    443.97      0.00   1633.39
  20            C19H32  202         -0.13454230  -0.13949053    -0.14660   0.00010    305.34      0.00   1204.76
  21            C20H33  205         -0.13470967  -0.13962935    -0.14668   0.00013    325.14      0.00   1276.71
  22               C21  230         -0.12025855  -0.11984644    -0.12692   0.00012    474.66      0.00   1840.71
  23            C22H34  205         -0.13470967  -0.13962935    -0.14655   0.00014    312.52      0.00   1278.45
  24            C23H35  202         -0.13454230  -0.13949053    -0.14651   0.00012    269.82      0.00   1222.47
  25               C36  233         -0.12318198  -0.12179205    -0.12905   0.00010    504.23      0.00   1951.49
  26               C37  227         -0.12327668  -0.12195355    -0.12882   0.00007    478.43      0.00   1700.13
  27               C38  227         -0.12294506  -0.12165602    -0.12853   0.00009    425.03      0.00   1733.16
  28               C39  227         -0.12327668  -0.12195355    -0.12889   0.00010    419.10      0.00   1805.38
  29               C40  233         -0.12318198  -0.12179205    -0.12894   0.00008    501.77      0.00   1900.60
  30               C41  232         -0.12352618  -0.12215655    -0.12926   0.00009    432.74      0.00   1777.67
  31               C42  217         -0.11997393  -0.11970877    -0.12652   0.00010    405.78      0.00   1414.49
  32            C43H60  195         -0.13467147  -0.13973091    -0.14662   0.00012    227.03      0.00   1114.41
  33            C44H61  194         -0.13405971  -0.13913052    -0.14585   0.00009    227.06      0.00   1101.24
  34               C45  225         -0.12045724  -0.12008952    -0.12695   0.00007    431.76      0.00   1662.94
  35               C46  230         -0.12025855  -0.11984644    -0.12665   0.00011    502.57      0.00   1834.29
  36            C47H63  205         -0.13470967  -0.13962935    -0.14652   0.00010    299.54      0.00   1258.57
  37            C48H62  202         -0.13454230  -0.13949053    -0.14632   0.00011    264.53      0.00   1201.77
  38            C49H64  205         -0.13470967  -0.13962935    -0.14665   0.00017    281.21      0.00   1262.22
  39            C50H65  202         -0.13454230  -0.13949053    -0.14648   0.00013    328.39      0.00   1187.35
  40               C51  225         -0.12045724  -0.12008952    -0.12669   0.00008    410.55      0.00   1269.95
  41            C52H66  194         -0.13405971  -0.13913052    -0.14583   0.00009    233.92      0.00   1043.67
  42            C53H67  195         -0.13467147  -0.13973091    -0.14653   0.00014    240.44      0.00   1078.92
  43               C54  217         -0.11997393  -0.11970877    -0.12661   0.00008    353.91      0.00   1407.75
  44            C55H68  187         -0.13409642  -0.13927658    -0.14590   0.00011    201.83      0.00    928.10
  45            C56H69  184         -0.13393488  -0.13915863    -0.14588   0.00012    180.11      0.00    855.23
  46               C57  214         -0.12008785  -0.11988944    -0.12639   0.00009    324.09      0.00   1285.21
  47            C58H70  184         -0.13393488  -0.13915863    -0.14582   0.00011    181.44      0.00    832.60
  48            C59H71  187         -0.13409642  -0.13927658    -0.14600   0.00011    199.78      0.00    909.73
------------------------------------------------------------------------------------------------------------------------
                                                  Summarize Fragments                                                   
------------------------------------------------------------------------------------------------------------------------
LNO-Thresh            Max LAS       E[MP2]      E[CCSD]   E[AFQMC] Err[AFQMC]  CCSD-Time AFQMC-Time
[1.00e-04, 1.00e-05]      233  -6.14525245  -6.24693855   -6.57635    0.00073   15869.96   63365.71
------------------------------------------------------------------------------------------------------------------------
                                              Pipeline (prefetch depth 1)                                               
------------------------------------------------------------------------------------------------------------------------
Loop wall time                 63745.81 s
Serial equivalent (CPU+GPU)    79235.67 s
CPU time hidden behind GPU     15527.88 s (97.8%)
Speedup vs serial                  1.24 x
========================================================================================================================

